// Jest Snapshot v1, https://goo.gl/fbAQLP

exports[`TodoBar.vue teste de snapshot 1`] = `
<div class="top-bar">
  <h1>TODO</h1> <img src="" alt="button-light-theme">
</div>
`;
